[INFO  vie 23 ene 2026 21:26:32] ...zy/mason.nvim/lua/mason-core/installer/InstallRunner.lua:40: Executing installer for Package(name=tree-sitter-cli) {
  debug = false,
  force = false,
  strict = false
}
[INFO  vie 23 ene 2026 21:26:32] ...zy/mason.nvim/lua/mason-core/installer/InstallRunner.lua:40: Executing installer for Package(name=stylua) {
  debug = false,
  force = false,
  strict = false
}
[INFO  vie 23 ene 2026 21:26:32] ...zy/mason.nvim/lua/mason-core/installer/InstallRunner.lua:40: Executing installer for Package(name=shfmt) {
  debug = false,
  force = false,
  strict = false
}
[INFO  vie 23 ene 2026 21:26:33] ...zy/mason.nvim/lua/mason-core/installer/InstallRunner.lua:86: Installation succeeded for Package(name=stylua)
[INFO  vie 23 ene 2026 21:26:33] ...zy/mason.nvim/lua/mason-core/installer/InstallRunner.lua:86: Installation succeeded for Package(name=shfmt)
[INFO  vie 23 ene 2026 21:26:34] ...zy/mason.nvim/lua/mason-core/installer/InstallRunner.lua:86: Installation succeeded for Package(name=tree-sitter-cli)
[INFO  vie 23 ene 2026 21:38:04] ...zy/mason.nvim/lua/mason-core/installer/InstallRunner.lua:40: Executing installer for Package(name=lua-language-server) {
  debug = false,
  force = false,
  strict = false
}
[INFO  vie 23 ene 2026 21:38:05] ...zy/mason.nvim/lua/mason-core/installer/InstallRunner.lua:86: Installation succeeded for Package(name=lua-language-server)
