--------------------------------------------------------------------------------
[Jan 23, 2026 8:21:59.5 PM GMT:ERROR:creative_new_tab_page_ads_util.cc(158)] Successfully saved creative new tab page ads
[Jan 23, 2026 8:21:59.5 PM GMT:ERROR:creative_new_tab_page_ads_util.cc(143)] Successfully saved creative set conversions
--------------------------------------------------------------------------------
[Jan 23, 2026 8:23:00.1 PM GMT:ERROR:creative_new_tab_page_ads_util.cc(158)] Successfully saved creative new tab page ads
[Jan 23, 2026 8:23:00.1 PM GMT:ERROR:creative_new_tab_page_ads_util.cc(143)] Successfully saved creative set conversions
--------------------------------------------------------------------------------
[Jan 23, 2026 9:01:04.4 PM GMT:ERROR:creative_new_tab_page_ads_util.cc(158)] Successfully saved creative new tab page ads
[Jan 23, 2026 9:01:04.4 PM GMT:ERROR:creative_new_tab_page_ads_util.cc(143)] Successfully saved creative set conversions
--------------------------------------------------------------------------------
[Jan 23, 2026 9:02:41.9 PM GMT:ERROR:creative_new_tab_page_ads_util.cc(158)] Successfully saved creative new tab page ads
[Jan 23, 2026 9:02:41.9 PM GMT:ERROR:creative_new_tab_page_ads_util.cc(143)] Successfully saved creative set conversions
--------------------------------------------------------------------------------
[Jan 23, 2026 9:07:46.4 PM GMT:ERROR:creative_new_tab_page_ads_util.cc(158)] Successfully saved creative new tab page ads
[Jan 23, 2026 9:07:46.4 PM GMT:ERROR:creative_new_tab_page_ads_util.cc(143)] Successfully saved creative set conversions
--------------------------------------------------------------------------------
[Jan 23, 2026 9:10:42.8 PM GMT:ERROR:creative_new_tab_page_ads_util.cc(158)] Successfully saved creative new tab page ads
[Jan 23, 2026 9:10:42.8 PM GMT:ERROR:creative_new_tab_page_ads_util.cc(143)] Successfully saved creative set conversions
--------------------------------------------------------------------------------
[Jan 24, 2026 1:55:28.3 AM GMT:ERROR:creative_new_tab_page_ads_util.cc(158)] Successfully saved creative new tab page ads
[Jan 24, 2026 1:55:28.3 AM GMT:ERROR:creative_new_tab_page_ads_util.cc(143)] Successfully saved creative set conversions
[Jan 24, 2026 4:25:29.7 AM GMT:ERROR:creative_new_tab_page_ads_util.cc(158)] Successfully saved creative new tab page ads
[Jan 24, 2026 4:25:29.7 AM GMT:ERROR:creative_new_tab_page_ads_util.cc(143)] Successfully saved creative set conversions
--------------------------------------------------------------------------------
[Jan 25, 2026 3:13:32.8 PM GMT:ERROR:creative_new_tab_page_ads_util.cc(158)] Successfully saved creative new tab page ads
[Jan 25, 2026 3:13:32.8 PM GMT:ERROR:creative_new_tab_page_ads_util.cc(143)] Successfully saved creative set conversions
[Jan 25, 2026 3:13:34.7 PM GMT:ERROR:creative_new_tab_page_ads_util.cc(158)] Successfully saved creative new tab page ads
[Jan 25, 2026 3:13:34.7 PM GMT:ERROR:creative_new_tab_page_ads_util.cc(143)] Successfully saved creative set conversions
--------------------------------------------------------------------------------
[Jan 27, 2026 12:02:15.4 AM GMT:ERROR:creative_new_tab_page_ads_util.cc(158)] Successfully saved creative new tab page ads
[Jan 27, 2026 12:02:15.4 AM GMT:ERROR:creative_new_tab_page_ads_util.cc(143)] Successfully saved creative set conversions
[Jan 27, 2026 12:02:17.2 AM GMT:ERROR:creative_new_tab_page_ads_util.cc(158)] Successfully saved creative new tab page ads
[Jan 27, 2026 12:02:17.2 AM GMT:ERROR:creative_new_tab_page_ads_util.cc(143)] Successfully saved creative set conversions
--------------------------------------------------------------------------------
[Jan 27, 2026 12:02:59.0 AM GMT:ERROR:creative_new_tab_page_ads_util.cc(158)] Successfully saved creative new tab page ads
[Jan 27, 2026 12:02:59.0 AM GMT:ERROR:creative_new_tab_page_ads_util.cc(143)] Successfully saved creative set conversions
--------------------------------------------------------------------------------
[Jan 27, 2026 12:07:56.1 AM GMT:ERROR:creative_new_tab_page_ads_util.cc(158)] Successfully saved creative new tab page ads
[Jan 27, 2026 12:07:56.1 AM GMT:ERROR:creative_new_tab_page_ads_util.cc(143)] Successfully saved creative set conversions
--------------------------------------------------------------------------------
[Jan 27, 2026 2:12:14.9 AM GMT:ERROR:creative_new_tab_page_ads_util.cc(158)] Successfully saved creative new tab page ads
[Jan 27, 2026 2:12:14.9 AM GMT:ERROR:creative_new_tab_page_ads_util.cc(143)] Successfully saved creative set conversions
[Jan 27, 2026 4:27:17.6 AM GMT:ERROR:creative_new_tab_page_ads_util.cc(158)] Successfully saved creative new tab page ads
[Jan 27, 2026 4:27:17.6 AM GMT:ERROR:creative_new_tab_page_ads_util.cc(143)] Successfully saved creative set conversions
--------------------------------------------------------------------------------
[Jan 27, 2026 7:39:49.0 PM GMT:ERROR:creative_new_tab_page_ads_util.cc(158)] Successfully saved creative new tab page ads
[Jan 27, 2026 7:39:49.0 PM GMT:ERROR:creative_new_tab_page_ads_util.cc(143)] Successfully saved creative set conversions
--------------------------------------------------------------------------------
[Jan 30, 2026 4:06:47.3 AM GMT:ERROR:creative_new_tab_page_ads_util.cc(158)] Successfully saved creative new tab page ads
[Jan 30, 2026 4:06:47.3 AM GMT:ERROR:creative_new_tab_page_ads_util.cc(143)] Successfully saved creative set conversions
[Jan 30, 2026 4:06:49.1 AM GMT:ERROR:creative_new_tab_page_ads_util.cc(158)] Successfully saved creative new tab page ads
[Jan 30, 2026 4:06:49.1 AM GMT:ERROR:creative_new_tab_page_ads_util.cc(143)] Successfully saved creative set conversions
--------------------------------------------------------------------------------
[Jan 30, 2026 4:06:51.3 AM GMT:ERROR:creative_new_tab_page_ads_util.cc(158)] Successfully saved creative new tab page ads
[Jan 30, 2026 4:06:51.3 AM GMT:ERROR:creative_new_tab_page_ads_util.cc(143)] Successfully saved creative set conversions
[Jan 30, 2026 4:21:52.7 AM GMT:ERROR:creative_new_tab_page_ads_util.cc(158)] Successfully saved creative new tab page ads
[Jan 30, 2026 4:21:52.7 AM GMT:ERROR:creative_new_tab_page_ads_util.cc(143)] Successfully saved creative set conversions
--------------------------------------------------------------------------------
[Jan 30, 2026 4:50:04.3 AM GMT:ERROR:creative_new_tab_page_ads_util.cc(158)] Successfully saved creative new tab page ads
[Jan 30, 2026 4:50:04.3 AM GMT:ERROR:creative_new_tab_page_ads_util.cc(143)] Successfully saved creative set conversions
--------------------------------------------------------------------------------
[Jan 30, 2026 5:15:54.6 AM GMT:ERROR:creative_new_tab_page_ads_util.cc(158)] Successfully saved creative new tab page ads
[Jan 30, 2026 5:15:54.6 AM GMT:ERROR:creative_new_tab_page_ads_util.cc(143)] Successfully saved creative set conversions
--------------------------------------------------------------------------------
[Jan 30, 2026 5:16:14.4 AM GMT:ERROR:creative_new_tab_page_ads_util.cc(158)] Successfully saved creative new tab page ads
[Jan 30, 2026 5:16:14.4 AM GMT:ERROR:creative_new_tab_page_ads_util.cc(143)] Successfully saved creative set conversions
--------------------------------------------------------------------------------
[Jan 30, 2026 3:20:27.1 PM GMT:ERROR:creative_new_tab_page_ads_util.cc(158)] Successfully saved creative new tab page ads
[Jan 30, 2026 3:20:27.1 PM GMT:ERROR:creative_new_tab_page_ads_util.cc(143)] Successfully saved creative set conversions
[Jan 30, 2026 3:20:28.9 PM GMT:ERROR:creative_new_tab_page_ads_util.cc(158)] Successfully saved creative new tab page ads
[Jan 30, 2026 3:20:28.9 PM GMT:ERROR:creative_new_tab_page_ads_util.cc(143)] Successfully saved creative set conversions
