[22:31:32.528][info] [#0:/home/dieguitodebian/.local/share/nvim/mason/packages/lua-language-server/libexec/main.lua:71]: Lua Lsp startup, root: 	/home/dieguitodebian/.local/share/nvim/mason/packages/lua-language-server/libexec
[22:31:32.528][info] [#0:/home/dieguitodebian/.local/share/nvim/mason/packages/lua-language-server/libexec/main.lua:72]: ROOT:	/home/dieguitodebian/.local/share/nvim/mason/packages/lua-language-server/libexec
[22:31:32.528][info] [#0:/home/dieguitodebian/.local/share/nvim/mason/packages/lua-language-server/libexec/main.lua:73]: LOGPATH:	/home/dieguitodebian/.local/share/nvim/mason/packages/lua-language-server/libexec/log
[22:31:32.528][info] [#0:/home/dieguitodebian/.local/share/nvim/mason/packages/lua-language-server/libexec/main.lua:74]: METAPATH:	/home/dieguitodebian/.local/share/nvim/mason/packages/lua-language-server/libexec/meta
[22:31:32.528][info] [#0:/home/dieguitodebian/.local/share/nvim/mason/packages/lua-language-server/libexec/main.lua:75]: VERSION:	3.17.1
[22:31:32.540][info] [#0:script/proto/proto.lua:260]: Listen Mode: stdio
[22:31:32.540][info] [#0:script/service/service.lua:145]: 
========= Medical Examination Report =========
    --------------- Memory ---------------
        Total: 1.916 MB
        # 00 : 1.916 MB
        # 01 : 0.000 MB
        # 02 : 0.000 MB
        # 03 : 0.000 MB
        # 04 : 0.000 MB
    --------------- Coroutine ---------------
        Total:     0
        Running:   0
        Suspended: 0
        Normal:    0
        Dead:      0
    --------------- Cache ---------------
        Total: 1
        Dead:  0
    ---------------  RPC  ---------------
        Holdon:   0
        Waiting:  0
==============================================
[22:31:32.542][info] [#0:script/client.lua:657]: Client init	{
  capabilities = {
    general = {
      positionEncodings = { "utf-8", "utf-16", "utf-32" }
    },
    textDocument = {
      callHierarchy = {
        dynamicRegistration = false
      },
      codeAction = {
        codeActionLiteralSupport = {
          codeActionKind = {
            valueSet = { "", "quickfix", "refactor", "refactor.extract", "refactor.inline", "refactor.rewrite", "source", "source.organizeImports" }
          }
        },
        dataSupport = true,
        dynamicRegistration = true,
        isPreferredSupport = true,
        resolveSupport = {
          properties = { "edit", "command" }
        }
      },
      codeLens = {
        dynamicRegistration = false,
        resolveSupport = {
          properties = { "command" }
        }
      },
      completion = {
        completionItem = {
          commitCharactersSupport = false,
          deprecatedSupport = true,
          documentationFormat = { "markdown", "plaintext" },
          preselectSupport = false,
          resolveSupport = {
            properties = { "additionalTextEdits", "command" }
          },
          snippetSupport = true,
          tagSupport = {
            valueSet = { 1 }
          }
        },
        completionItemKind = {
          valueSet = { 1, 2, 3, 4, 5, 6, 7, 8, 9, 10, 11, 12, 13, 14, 15, 16, 17, 18, 19, 20, 21, 22, 23, 24, 25 }
        },
        completionList = {
          itemDefaults = { "editRange", "insertTextFormat", "insertTextMode", "data" }
        },
        contextSupport = true,
        dynamicRegistration = false
      },
      declaration = {
        linkSupport = true
      },
      definition = {
        dynamicRegistration = true,
        linkSupport = true
      },
      diagnostic = {
        dynamicRegistration = false,
        tagSupport = {
          valueSet = { 1, 2 }
        }
      },
      documentHighlight = {
        dynamicRegistration = false
      },
      documentSymbol = {
        dynamicRegistration = false,
        hierarchicalDocumentSymbolSupport = true,
        symbolKind = {
          valueSet = { 1, 2, 3, 4, 5, 6, 7, 8, 9, 10, 11, 12, 13, 14, 15, 16, 17, 18, 19, 20, 21, 22, 23, 24, 25, 26 }
        }
      },
      foldingRange = {
        dynamicRegistration = false,
        foldingRange = {
          collapsedText = true
        },
        foldingRangeKind = {
          valueSet = { "comment", "imports", "region" }
        },
        lineFoldingOnly = true
      },
      formatting = {
        dynamicRegistration = true
      },
      hover = {
        contentFormat = { "markdown", "plaintext" },
        dynamicRegistration = true
      },
      implementation = {
        linkSupport = true
      },
      inlayHint = {
        dynamicRegistration = true,
        resolveSupport = {
          properties = { "textEdits", "tooltip", "location", "command" }
        }
      },
      publishDiagnostics = {
        dataSupport = true,
        relatedInformation = true,
        tagSupport = {
          valueSet = { 1, 2 }
        }
      },
      rangeFormatting = {
        dynamicRegistration = true,
        rangesSupport = true
      },
      references = {
        dynamicRegistration = false
      },
      rename = {
        dynamicRegistration = true,
        prepareSupport = true
      },
      semanticTokens = {
        augmentsSyntaxTokens = true,
        dynamicRegistration = false,
        formats = { "relative" },
        multilineTokenSupport = false,
        overlappingTokenSupport = true,
        requests = {
          full = {
            delta = true
          },
          range = false
        },
        serverCancelSupport = false,
        tokenModifiers = { "declaration", "definition", "readonly", "static", "deprecated", "abstract", "async", "modification", "documentation", "defaultLibrary" },
        tokenTypes = { "namespace", "type", "class", "enum", "interface", "struct", "typeParameter", "parameter", "variable", "property", "enumMember", "event", "function", "method", "macro", "keyword", "modifier", "comment", "string", "number", "regexp", "operator", "decorator" }
      },
      signatureHelp = {
        dynamicRegistration = false,
        signatureInformation = {
          activeParameterSupport = true,
          documentationFormat = { "markdown", "plaintext" },
          parameterInformation = {
            labelOffsetSupport = true
          }
        }
      },
      synchronization = {
        didSave = true,
        dynamicRegistration = false,
        willSave = true,
        willSaveWaitUntil = true
      },
      typeDefinition = {
        linkSupport = true
      }
    },
    window = {
      showDocument = {
        support = true
      },
      showMessage = {
        messageActionItem = {
          additionalPropertiesSupport = true
        }
      },
      workDoneProgress = true
    },
    workspace = {
      applyEdit = true,
      configuration = true,
      didChangeConfiguration = {
        dynamicRegistration = false
      },
      didChangeWatchedFiles = {
        dynamicRegistration = false,
        relativePatternSupport = true
      },
      fileOperations = {
        didRename = true,
        willRename = true
      },
      inlayHint = {
        refreshSupport = true
      },
      semanticTokens = {
        refreshSupport = true
      },
      symbol = {
        dynamicRegistration = false,
        symbolKind = {
          valueSet = { 1, 2, 3, 4, 5, 6, 7, 8, 9, 10, 11, 12, 13, 14, 15, 16, 17, 18, 19, 20, 21, 22, 23, 24, 25, 26 }
        }
      },
      workspaceEdit = {
        resourceOperations = { "rename", "create", "delete" }
      },
      workspaceFolders = true
    }
  },
  clientInfo = {
    name = "Neovim",
    version = "0.11.5"
  },
  processId = 29033,
  rootPath = "/home/dieguitodebian/.config/nvim",
  rootUri = "file:///home/dieguitodebian/.config/nvim",
  trace = "off",
  workDoneToken = "1",
  workspaceFolders = { {
      name = "/home/dieguitodebian/.config/nvim",
      uri = "file:///home/dieguitodebian/.config/nvim"
    } }
}
[22:31:32.542][info] [#0:script/language.lua:137]: VSC language: nil
[22:31:32.542][info] [#0:script/language.lua:138]: LS  language: en-us
[22:31:32.542][info] [#0:script/workspace/workspace.lua:38]: Workspace init root: 	file:///home/dieguitodebian/.config/nvim
[22:31:32.542][info] [#0:script/workspace/workspace.lua:42]: Log path: 	/home/dieguitodebian/.local/share/nvim/mason/packages/lua-language-server/libexec/log/file_home_dieguitodebian_.config_nvim.log
[22:31:32.542][info] [#0:script/workspace/workspace.lua:48]: Workspace create: 	file:///home/dieguitodebian/.config/nvim
[22:31:32.559][info] [#0:script/provider/provider.lua:49]: Load config from client	file:///home/dieguitodebian/.config/nvim
[22:31:32.559][info] [#0:script/provider/provider.lua:50]: {
  Lua = {
    codeLens = {
      enable = true
    },
    completion = {
      callSnippet = "Replace"
    },
    doc = {
      privateName = { "^_" }
    },
    hint = {
      arrayIndex = "Disable",
      enable = true,
      paramName = "Disable",
      paramType = true,
      semicolon = "Disable",
      setType = false
    },
    workspace = {
      checkThirdParty = false
    }
  }
}
[22:31:32.559][info] [#0:script/provider/provider.lua:49]: Load config from client	file:///home/dieguitodebian/.config/nvim
[22:31:32.559][info] [#0:script/provider/provider.lua:50]: {
  Lua = {
    codeLens = {
      enable = true
    },
    completion = {
      callSnippet = "Replace"
    },
    doc = {
      privateName = { "^_" }
    },
    hint = {
      arrayIndex = "Disable",
      enable = true,
      paramName = "Disable",
      paramType = true,
      semicolon = "Disable",
      setType = false
    },
    workspace = {
      checkThirdParty = false
    }
  }
}
[22:31:32.560][info] [#0:script/provider/provider.lua:65]: Load config from client	fallback
[22:31:32.560][info] [#0:script/provider/provider.lua:66]: {
  Lua = {
    codeLens = {
      enable = true
    },
    completion = {
      callSnippet = "Replace"
    },
    doc = {
      privateName = { "^_" }
    },
    hint = {
      arrayIndex = "Disable",
      enable = true,
      paramName = "Disable",
      paramType = true,
      semicolon = "Disable",
      setType = false
    },
    workspace = {
      checkThirdParty = false
    }
  }
}
[22:31:32.560][info] [#0:script/provider/provider.lua:65]: Load config from client	fallback
[22:31:32.560][info] [#0:script/provider/provider.lua:66]: {
  Lua = {
    codeLens = {
      enable = true
    },
    completion = {
      callSnippet = "Replace"
    },
    doc = {
      privateName = { "^_" }
    },
    hint = {
      arrayIndex = "Disable",
      enable = true,
      paramName = "Disable",
      paramType = true,
      semicolon = "Disable",
      setType = false
    },
    workspace = {
      checkThirdParty = false
    }
  }
}
[22:31:32.745][info] [#0:script/library.lua:216]: Init builtin library at:	file:///home/dieguitodebian/.config/nvim
[22:31:32.749][info] [#0:script/library.lua:216]: Init builtin library at:	nil
[22:31:32.853][info] [#0:script/workspace/workspace.lua:332]: Preload start:	file:///home/dieguitodebian/.config/nvim
[22:31:32.854][info] [#0:script/workspace/workspace.lua:338]: Scan files at:	file:///home/dieguitodebian/.config/nvim
[22:31:32.854][info] [#0:script/workspace/workspace.lua:332]: Preload start:	<fallback>
[22:31:32.855][info] [#0:script/workspace/workspace.lua:361]: Scan library at:	file:///home/dieguitodebian/.local/share/nvim/mason/packages/lua-language-server/libexec/meta/Lua%205.4%20en-us%20utf8/io.lua
[22:31:32.855][info] [#0:script/provider/provider.lua:49]: Load config from client	file:///home/dieguitodebian/.config/nvim
[22:31:32.855][info] [#0:script/provider/provider.lua:50]: {
  Lua = {
    codeLens = {
      enable = true
    },
    completion = {
      callSnippet = "Replace"
    },
    doc = {
      privateName = { "^_" }
    },
    hint = {
      arrayIndex = "Disable",
      enable = true,
      paramName = "Disable",
      paramType = true,
      semicolon = "Disable",
      setType = false
    },
    runtime = {
      path = { "?.lua", "?/init.lua" },
      pathStrict = true,
      version = "LuaJIT"
    },
    workspace = {
      checkThirdParty = false,
      ignoreDir = { "/lua" },
      library = { "/usr/share/nvim/runtime/lua", "/home/dieguitodebian/.config/nvim/lua", "${3rd}/luv/library", "/home/dieguitodebian/.local/share/nvim/lazy/lazy.nvim/lua", "/home/dieguitodebian/.local/share/nvim/lazy/LazyVim/lua" }
    }
  }
}
[22:31:32.855][warn] [#0:script/config/loader.lua:116]: No config?	{}
[22:31:32.855][info] [#0:script/provider/provider.lua:65]: Load config from client	fallback
[22:31:32.855][info] [#0:script/provider/provider.lua:66]: nil
[22:31:32.855][info] [#0:script/workspace/workspace.lua:361]: Scan library at:	file:///home/dieguitodebian/.local/share/nvim/mason/packages/lua-language-server/libexec/meta/Lua%205.4%20en-us%20utf8/os.lua
[22:31:32.855][info] [#0:script/workspace/workspace.lua:361]: Scan library at:	file:///home/dieguitodebian/.local/share/nvim/mason/packages/lua-language-server/libexec/meta/Lua%205.4%20en-us%20utf8/basic.lua
[22:31:32.855][info] [#0:script/workspace/workspace.lua:361]: Scan library at:	file:///home/dieguitodebian/.local/share/nvim/mason/packages/lua-language-server/libexec/meta/Lua%205.4%20en-us%20utf8/builtin.lua
[22:31:32.855][info] [#0:script/workspace/workspace.lua:361]: Scan library at:	file:///home/dieguitodebian/.local/share/nvim/mason/packages/lua-language-server/libexec/meta/Lua%205.4%20en-us%20utf8/debug.lua
[22:31:32.855][info] [#0:script/workspace/workspace.lua:361]: Scan library at:	file:///home/dieguitodebian/.local/share/nvim/mason/packages/lua-language-server/libexec/meta/Lua%205.4%20en-us%20utf8/math.lua
[22:31:32.855][info] [#0:script/workspace/workspace.lua:361]: Scan library at:	file:///home/dieguitodebian/.local/share/nvim/mason/packages/lua-language-server/libexec/meta/Lua%205.4%20en-us%20utf8/package.lua
[22:31:32.855][info] [#0:script/workspace/workspace.lua:361]: Scan library at:	file:///home/dieguitodebian/.local/share/nvim/mason/packages/lua-language-server/libexec/meta/Lua%205.4%20en-us%20utf8/coroutine.lua
[22:31:32.856][info] [#0:script/workspace/workspace.lua:361]: Scan library at:	file:///home/dieguitodebian/.local/share/nvim/mason/packages/lua-language-server/libexec/meta/Lua%205.4%20en-us%20utf8/io.lua
[22:31:32.856][info] [#0:script/workspace/workspace.lua:361]: Scan library at:	file:///home/dieguitodebian/.local/share/nvim/mason/packages/lua-language-server/libexec/meta/Lua%205.4%20en-us%20utf8/os.lua
[22:31:32.856][info] [#0:script/workspace/workspace.lua:361]: Scan library at:	file:///home/dieguitodebian/.local/share/nvim/mason/packages/lua-language-server/libexec/meta/Lua%205.4%20en-us%20utf8/basic.lua
[22:31:32.856][info] [#0:script/workspace/workspace.lua:361]: Scan library at:	file:///home/dieguitodebian/.local/share/nvim/mason/packages/lua-language-server/libexec/meta/Lua%205.4%20en-us%20utf8/builtin.lua
[22:31:32.856][info] [#0:script/workspace/workspace.lua:361]: Scan library at:	file:///home/dieguitodebian/.local/share/nvim/mason/packages/lua-language-server/libexec/meta/Lua%205.4%20en-us%20utf8/debug.lua
[22:31:32.856][info] [#0:script/workspace/workspace.lua:361]: Scan library at:	file:///home/dieguitodebian/.local/share/nvim/mason/packages/lua-language-server/libexec/meta/Lua%205.4%20en-us%20utf8/math.lua
[22:31:32.856][info] [#0:script/workspace/workspace.lua:361]: Scan library at:	file:///home/dieguitodebian/.local/share/nvim/mason/packages/lua-language-server/libexec/meta/Lua%205.4%20en-us%20utf8/package.lua
[22:31:32.856][info] [#0:script/workspace/workspace.lua:361]: Scan library at:	file:///home/dieguitodebian/.local/share/nvim/mason/packages/lua-language-server/libexec/meta/Lua%205.4%20en-us%20utf8/coroutine.lua
[22:31:32.856][info] [#0:script/workspace/workspace.lua:361]: Scan library at:	file:///home/dieguitodebian/.local/share/nvim/mason/packages/lua-language-server/libexec/meta/Lua%205.4%20en-us%20utf8/utf8.lua
[22:31:32.856][info] [#0:script/workspace/workspace.lua:361]: Scan library at:	file:///home/dieguitodebian/.local/share/nvim/mason/packages/lua-language-server/libexec/meta/Lua%205.4%20en-us%20utf8/string.lua
[22:31:32.856][info] [#0:script/workspace/workspace.lua:361]: Scan library at:	file:///home/dieguitodebian/.local/share/nvim/mason/packages/lua-language-server/libexec/meta/Lua%205.4%20en-us%20utf8/table.lua
[22:31:33.055][info] [#0:script/library.lua:216]: Init builtin library at:	nil
[22:31:33.059][info] [#0:script/workspace/workspace.lua:387]: Found 18 files at:	file:///home/dieguitodebian/.config/nvim
[22:31:33.059][info] [#0:script/workspace/loading.lua:160]: Load files from disk:	file:///home/dieguitodebian/.config/nvim
[22:31:33.059][info] [#0:script/workspace/loading.lua:88]: Skip loaded file: file:///home/dieguitodebian/.config/nvim/lua/config/lazy.lua
[22:31:33.060][info] [#0:script/workspace/loading.lua:100]: Preload file at: file:///home/dieguitodebian/.local/share/nvim/mason/packages/lua-language-server/libexec/meta/Lua%205.4%20en-us%20utf8/string.lua , size = 6.389 KB
[22:31:33.062][info] [#0:script/workspace/loading.lua:112]: ++++As library of:	file:///home/dieguitodebian/.local/share/nvim/mason/packages/lua-language-server/libexec/meta/Lua%205.4%20en-us%20utf8/string.lua
[22:31:33.062][info] [#0:script/workspace/loading.lua:100]: Preload file at: file:///home/dieguitodebian/.local/share/nvim/mason/packages/lua-language-server/libexec/meta/Lua%205.4%20en-us%20utf8/table.lua , size = 5.020 KB
[22:31:33.063][info] [#0:script/workspace/loading.lua:112]: ++++As library of:	file:///home/dieguitodebian/.local/share/nvim/mason/packages/lua-language-server/libexec/meta/Lua%205.4%20en-us%20utf8/table.lua
[22:31:33.063][info] [#0:script/workspace/loading.lua:100]: Preload file at: file:///home/dieguitodebian/.local/share/nvim/mason/packages/lua-language-server/libexec/meta/Lua%205.4%20en-us%20utf8/utf8.lua , size = 2.387 KB
[22:31:33.064][info] [#0:script/workspace/loading.lua:112]: ++++As library of:	file:///home/dieguitodebian/.local/share/nvim/mason/packages/lua-language-server/libexec/meta/Lua%205.4%20en-us%20utf8/utf8.lua
[22:31:33.064][info] [#0:script/workspace/loading.lua:100]: Preload file at: file:///home/dieguitodebian/.local/share/nvim/mason/packages/lua-language-server/libexec/meta/Lua%205.4%20en-us%20utf8/coroutine.lua , size = 2.590 KB
[22:31:33.065][info] [#0:script/workspace/loading.lua:112]: ++++As library of:	file:///home/dieguitodebian/.local/share/nvim/mason/packages/lua-language-server/libexec/meta/Lua%205.4%20en-us%20utf8/coroutine.lua
[22:31:33.065][info] [#0:script/workspace/loading.lua:100]: Preload file at: file:///home/dieguitodebian/.local/share/nvim/mason/packages/lua-language-server/libexec/meta/Lua%205.4%20en-us%20utf8/package.lua , size = 2.944 KB
[22:31:33.066][info] [#0:script/workspace/loading.lua:112]: ++++As library of:	file:///home/dieguitodebian/.local/share/nvim/mason/packages/lua-language-server/libexec/meta/Lua%205.4%20en-us%20utf8/package.lua
[22:31:33.066][info] [#0:script/workspace/loading.lua:100]: Preload file at: file:///home/dieguitodebian/.local/share/nvim/mason/packages/lua-language-server/libexec/meta/Lua%205.4%20en-us%20utf8/math.lua , size = 8.595 KB
[22:31:33.069][info] [#0:script/workspace/loading.lua:112]: ++++As library of:	file:///home/dieguitodebian/.local/share/nvim/mason/packages/lua-language-server/libexec/meta/Lua%205.4%20en-us%20utf8/math.lua
[22:31:33.069][info] [#0:script/workspace/loading.lua:100]: Preload file at: file:///home/dieguitodebian/.local/share/nvim/mason/packages/lua-language-server/libexec/meta/Lua%205.4%20en-us%20utf8/debug.lua , size = 7.637 KB
[22:31:33.071][info] [#0:script/workspace/loading.lua:112]: ++++As library of:	file:///home/dieguitodebian/.local/share/nvim/mason/packages/lua-language-server/libexec/meta/Lua%205.4%20en-us%20utf8/debug.lua
[22:31:33.071][info] [#0:script/workspace/loading.lua:100]: Preload file at: file:///home/dieguitodebian/.local/share/nvim/mason/packages/lua-language-server/libexec/meta/Lua%205.4%20en-us%20utf8/builtin.lua , size = 0.302 KB
[22:31:33.071][info] [#0:script/workspace/loading.lua:112]: ++++As library of:	file:///home/dieguitodebian/.local/share/nvim/mason/packages/lua-language-server/libexec/meta/Lua%205.4%20en-us%20utf8/builtin.lua
[22:31:33.071][info] [#0:script/workspace/loading.lua:100]: Preload file at: file:///home/dieguitodebian/.local/share/nvim/mason/packages/lua-language-server/libexec/meta/Lua%205.4%20en-us%20utf8/basic.lua , size = 17.330 KB
[22:31:33.075][info] [#0:script/workspace/loading.lua:112]: ++++As library of:	file:///home/dieguitodebian/.local/share/nvim/mason/packages/lua-language-server/libexec/meta/Lua%205.4%20en-us%20utf8/basic.lua
[22:31:33.075][info] [#0:script/workspace/loading.lua:100]: Preload file at: file:///home/dieguitodebian/.local/share/nvim/mason/packages/lua-language-server/libexec/meta/Lua%205.4%20en-us%20utf8/os.lua , size = 5.611 KB
[22:31:33.076][info] [#0:script/workspace/loading.lua:112]: ++++As library of:	file:///home/dieguitodebian/.local/share/nvim/mason/packages/lua-language-server/libexec/meta/Lua%205.4%20en-us%20utf8/os.lua
[22:31:33.076][info] [#0:script/workspace/loading.lua:100]: Preload file at: file:///home/dieguitodebian/.local/share/nvim/mason/packages/lua-language-server/libexec/meta/Lua%205.4%20en-us%20utf8/io.lua , size = 6.364 KB
[22:31:33.078][info] [#0:script/workspace/loading.lua:112]: ++++As library of:	file:///home/dieguitodebian/.local/share/nvim/mason/packages/lua-language-server/libexec/meta/Lua%205.4%20en-us%20utf8/io.lua
[22:31:33.078][info] [#0:script/workspace/loading.lua:100]: Preload file at: file:///home/dieguitodebian/.config/nvim/init.lua , size = 0.070 KB
[22:31:33.078][info] [#0:script/workspace/loading.lua:100]: Preload file at: file:///home/dieguitodebian/.config/nvim/lua/config/options.lua , size = 0.354 KB
[22:31:33.079][info] [#0:script/workspace/loading.lua:100]: Preload file at: file:///home/dieguitodebian/.config/nvim/lua/config/keymaps.lua , size = 0.204 KB
[22:31:33.079][info] [#0:script/workspace/loading.lua:100]: Preload file at: file:///home/dieguitodebian/.config/nvim/lua/config/autocmds.lua , size = 0.414 KB
[22:31:33.079][info] [#0:script/workspace/loading.lua:100]: Preload file at: file:///home/dieguitodebian/.config/nvim/lua/plugins/example.lua , size = 5.171 KB
[22:31:33.080][info] [#0:script/workspace/loading.lua:100]: Preload file at: file:///home/dieguitodebian/.config/nvim/lua/plugins/colorscheme.lua , size = 0.149 KB
[22:31:33.155][info] [#0:script/workspace/workspace.lua:332]: Preload start:	<fallback>
[22:31:33.155][info] [#0:script/workspace/workspace.lua:361]: Scan library at:	file:///home/dieguitodebian/.local/share/nvim/mason/packages/lua-language-server/libexec/meta/Lua%205.4%20en-us%20utf8/io.lua
[22:31:33.155][info] [#0:script/workspace/workspace.lua:361]: Scan library at:	file:///home/dieguitodebian/.local/share/nvim/mason/packages/lua-language-server/libexec/meta/Lua%205.4%20en-us%20utf8/os.lua
[22:31:33.155][info] [#0:script/workspace/workspace.lua:361]: Scan library at:	file:///home/dieguitodebian/.local/share/nvim/mason/packages/lua-language-server/libexec/meta/Lua%205.4%20en-us%20utf8/basic.lua
[22:31:33.155][info] [#0:script/workspace/workspace.lua:361]: Scan library at:	file:///home/dieguitodebian/.local/share/nvim/mason/packages/lua-language-server/libexec/meta/Lua%205.4%20en-us%20utf8/builtin.lua
[22:31:33.155][info] [#0:script/workspace/workspace.lua:361]: Scan library at:	file:///home/dieguitodebian/.local/share/nvim/mason/packages/lua-language-server/libexec/meta/Lua%205.4%20en-us%20utf8/debug.lua
[22:31:33.155][info] [#0:script/workspace/workspace.lua:361]: Scan library at:	file:///home/dieguitodebian/.local/share/nvim/mason/packages/lua-language-server/libexec/meta/Lua%205.4%20en-us%20utf8/math.lua
[22:31:33.156][info] [#0:script/workspace/workspace.lua:361]: Scan library at:	file:///home/dieguitodebian/.local/share/nvim/mason/packages/lua-language-server/libexec/meta/Lua%205.4%20en-us%20utf8/package.lua
[22:31:33.156][info] [#0:script/workspace/workspace.lua:361]: Scan library at:	file:///home/dieguitodebian/.local/share/nvim/mason/packages/lua-language-server/libexec/meta/Lua%205.4%20en-us%20utf8/coroutine.lua
[22:31:33.156][info] [#0:script/workspace/workspace.lua:361]: Scan library at:	file:///home/dieguitodebian/.local/share/nvim/mason/packages/lua-language-server/libexec/meta/Lua%205.4%20en-us%20utf8/utf8.lua
[22:31:33.156][info] [#0:script/workspace/workspace.lua:361]: Scan library at:	file:///home/dieguitodebian/.local/share/nvim/mason/packages/lua-language-server/libexec/meta/Lua%205.4%20en-us%20utf8/string.lua
[22:31:33.156][info] [#0:script/workspace/workspace.lua:361]: Scan library at:	file:///home/dieguitodebian/.local/share/nvim/mason/packages/lua-language-server/libexec/meta/Lua%205.4%20en-us%20utf8/table.lua
[22:31:33.159][info] [#0:script/workspace/loading.lua:172]: Loaded files takes [0.102] sec: file:///home/dieguitodebian/.config/nvim
[22:31:33.159][info] [#0:script/workspace/loading.lua:181]: Compile files takes [0.000] sec: file:///home/dieguitodebian/.config/nvim
[22:31:33.159][info] [#0:script/workspace/loading.lua:182]: Loaded finish:	file:///home/dieguitodebian/.config/nvim
[22:31:33.159][info] [#0:script/workspace/workspace.lua:389]: Preload finish at:	file:///home/dieguitodebian/.config/nvim
[22:31:33.256][info] [#0:script/workspace/workspace.lua:387]: Found 11 files at:	<fallback>
[22:31:33.256][info] [#0:script/workspace/loading.lua:160]: Load files from disk:	<fallback>
[22:31:33.256][info] [#0:script/workspace/loading.lua:88]: Skip loaded file: file:///home/dieguitodebian/.local/share/nvim/mason/packages/lua-language-server/libexec/meta/Lua%205.4%20en-us%20utf8/table.lua
[22:31:33.256][info] [#0:script/workspace/loading.lua:112]: ++++As library of:	file:///home/dieguitodebian/.local/share/nvim/mason/packages/lua-language-server/libexec/meta/Lua%205.4%20en-us%20utf8/table.lua
[22:31:33.256][info] [#0:script/workspace/loading.lua:88]: Skip loaded file: file:///home/dieguitodebian/.local/share/nvim/mason/packages/lua-language-server/libexec/meta/Lua%205.4%20en-us%20utf8/string.lua
[22:31:33.256][info] [#0:script/workspace/loading.lua:112]: ++++As library of:	file:///home/dieguitodebian/.local/share/nvim/mason/packages/lua-language-server/libexec/meta/Lua%205.4%20en-us%20utf8/string.lua
[22:31:33.256][info] [#0:script/workspace/loading.lua:88]: Skip loaded file: file:///home/dieguitodebian/.local/share/nvim/mason/packages/lua-language-server/libexec/meta/Lua%205.4%20en-us%20utf8/utf8.lua
[22:31:33.256][info] [#0:script/workspace/loading.lua:112]: ++++As library of:	file:///home/dieguitodebian/.local/share/nvim/mason/packages/lua-language-server/libexec/meta/Lua%205.4%20en-us%20utf8/utf8.lua
[22:31:33.256][info] [#0:script/workspace/loading.lua:88]: Skip loaded file: file:///home/dieguitodebian/.local/share/nvim/mason/packages/lua-language-server/libexec/meta/Lua%205.4%20en-us%20utf8/coroutine.lua
[22:31:33.256][info] [#0:script/workspace/loading.lua:112]: ++++As library of:	file:///home/dieguitodebian/.local/share/nvim/mason/packages/lua-language-server/libexec/meta/Lua%205.4%20en-us%20utf8/coroutine.lua
[22:31:33.256][info] [#0:script/workspace/loading.lua:88]: Skip loaded file: file:///home/dieguitodebian/.local/share/nvim/mason/packages/lua-language-server/libexec/meta/Lua%205.4%20en-us%20utf8/package.lua
[22:31:33.256][info] [#0:script/workspace/loading.lua:112]: ++++As library of:	file:///home/dieguitodebian/.local/share/nvim/mason/packages/lua-language-server/libexec/meta/Lua%205.4%20en-us%20utf8/package.lua
[22:31:33.256][info] [#0:script/workspace/loading.lua:88]: Skip loaded file: file:///home/dieguitodebian/.local/share/nvim/mason/packages/lua-language-server/libexec/meta/Lua%205.4%20en-us%20utf8/math.lua
[22:31:33.256][info] [#0:script/workspace/loading.lua:112]: ++++As library of:	file:///home/dieguitodebian/.local/share/nvim/mason/packages/lua-language-server/libexec/meta/Lua%205.4%20en-us%20utf8/math.lua
[22:31:33.256][info] [#0:script/workspace/loading.lua:88]: Skip loaded file: file:///home/dieguitodebian/.local/share/nvim/mason/packages/lua-language-server/libexec/meta/Lua%205.4%20en-us%20utf8/debug.lua
[22:31:33.256][info] [#0:script/workspace/loading.lua:112]: ++++As library of:	file:///home/dieguitodebian/.local/share/nvim/mason/packages/lua-language-server/libexec/meta/Lua%205.4%20en-us%20utf8/debug.lua
[22:31:33.256][info] [#0:script/workspace/loading.lua:88]: Skip loaded file: file:///home/dieguitodebian/.local/share/nvim/mason/packages/lua-language-server/libexec/meta/Lua%205.4%20en-us%20utf8/builtin.lua
[22:31:33.256][info] [#0:script/workspace/loading.lua:112]: ++++As library of:	file:///home/dieguitodebian/.local/share/nvim/mason/packages/lua-language-server/libexec/meta/Lua%205.4%20en-us%20utf8/builtin.lua
[22:31:33.256][info] [#0:script/workspace/loading.lua:88]: Skip loaded file: file:///home/dieguitodebian/.local/share/nvim/mason/packages/lua-language-server/libexec/meta/Lua%205.4%20en-us%20utf8/basic.lua
[22:31:33.256][info] [#0:script/workspace/loading.lua:112]: ++++As library of:	file:///home/dieguitodebian/.local/share/nvim/mason/packages/lua-language-server/libexec/meta/Lua%205.4%20en-us%20utf8/basic.lua
[22:31:33.256][info] [#0:script/workspace/loading.lua:88]: Skip loaded file: file:///home/dieguitodebian/.local/share/nvim/mason/packages/lua-language-server/libexec/meta/Lua%205.4%20en-us%20utf8/os.lua
[22:31:33.256][info] [#0:script/workspace/loading.lua:112]: ++++As library of:	file:///home/dieguitodebian/.local/share/nvim/mason/packages/lua-language-server/libexec/meta/Lua%205.4%20en-us%20utf8/os.lua
[22:31:33.256][info] [#0:script/workspace/loading.lua:88]: Skip loaded file: file:///home/dieguitodebian/.local/share/nvim/mason/packages/lua-language-server/libexec/meta/Lua%205.4%20en-us%20utf8/io.lua
[22:31:33.256][info] [#0:script/workspace/loading.lua:112]: ++++As library of:	file:///home/dieguitodebian/.local/share/nvim/mason/packages/lua-language-server/libexec/meta/Lua%205.4%20en-us%20utf8/io.lua
[22:31:33.256][info] [#0:script/workspace/loading.lua:172]: Loaded files takes [0.000] sec: <fallback>
[22:31:33.256][info] [#0:script/workspace/loading.lua:181]: Compile files takes [0.000] sec: <fallback>
[22:31:33.256][info] [#0:script/workspace/loading.lua:182]: Loaded finish:	<fallback>
[22:31:33.256][info] [#0:script/workspace/workspace.lua:389]: Preload finish at:	<fallback>
[22:31:34.163][info] [#0:script/provider/diagnostic.lua:560]: Diagnostics scope [file:///home/dieguitodebian/.config/nvim], files count:[18]
[22:31:34.176][info] [#0:script/provider/diagnostic.lua:577]: Diagnostics scope [file:///home/dieguitodebian/.config/nvim] finished, takes [0.013] sec.
[22:37:18.945][info] [#0:script/provider/provider.lua:176]: Server shutdown.
[22:37:18.945][warn] [#0:script/pub/report.lua:24]: Load proto error:	Disconnected!
